2015-09-21T18:46:12+02:00 NOTICE (5): Undefined variable: a {"errno":8,"file":"C:\\Users\\ASUS\\Desktop\\www\\php_zf2c\\utility_logger_exception_handler_example.php","line":13}
